{"level":"info","msg":"Application is running on development mode","time":"2026-05-04T00:01:54+07:00"}
{"level":"info","msg":"[PGSQL CONN][Migrate] Auto Migrating Tables","time":"2026-05-04T00:01:54+07:00"}
{"level":"info","msg":"redis connected","time":"2026-05-04T00:01:54+07:00"}
{"level":"info","msg":"Application is running on development mode","time":"2026-05-04T00:08:00+07:00"}
{"level":"info","msg":"[PGSQL CONN][Migrate] Auto Migrating Tables","time":"2026-05-04T00:08:00+07:00"}
{"level":"info","msg":"redis connected","time":"2026-05-04T00:08:00+07:00"}
{"level":"info","msg":"Application is running on development mode","time":"2026-05-04T00:16:33+07:00"}
{"level":"info","msg":"[PGSQL CONN][Migrate] Auto Migrating Tables","time":"2026-05-04T00:16:33+07:00"}
{"level":"info","msg":"redis connected","time":"2026-05-04T00:16:34+07:00"}
{"level":"info","msg":"Application is running on development mode","time":"2026-05-04T00:16:58+07:00"}
{"level":"info","msg":"[PGSQL CONN][Migrate] Auto Migrating Tables","time":"2026-05-04T00:16:58+07:00"}
{"level":"info","msg":"redis connected","time":"2026-05-04T00:16:59+07:00"}
{"level":"info","msg":"Application is running on development mode","time":"2026-05-04T00:17:21+07:00"}
{"level":"info","msg":"[PGSQL CONN][Migrate] Auto Migrating Tables","time":"2026-05-04T00:17:21+07:00"}
{"level":"info","msg":"redis connected","time":"2026-05-04T00:17:22+07:00"}
{"level":"info","msg":"Application is running on development mode","time":"2026-05-04T00:36:11+07:00"}
{"level":"info","msg":"[PGSQL CONN][Migrate] Auto Migrating Tables","time":"2026-05-04T00:36:11+07:00"}
{"level":"info","msg":"redis connected","time":"2026-05-04T00:36:11+07:00"}
{"level":"info","msg":"Application is running on development mode","time":"2026-05-04T00:36:56+07:00"}
{"level":"info","msg":"[PGSQL CONN][Migrate] Dropping All Tables","time":"2026-05-04T00:36:56+07:00"}
{"level":"info","msg":"[PGSQL CONN][Migrate] Auto Migrating Tables","time":"2026-05-04T00:36:56+07:00"}
{"level":"info","msg":"[PGSQL CONN][EnsureDefaultSettings] Seeding default system settings","time":"2026-05-04T00:36:56+07:00"}
{"level":"info","msg":"redis connected","time":"2026-05-04T00:36:56+07:00"}
{"level":"info","msg":"Application is running on development mode","time":"2026-05-04T00:37:00+07:00"}
{"level":"info","msg":"[PGSQL CONN][Migrate] Auto Migrating Tables","time":"2026-05-04T00:37:00+07:00"}
{"level":"info","msg":"redis connected","time":"2026-05-04T00:37:01+07:00"}
{"level":"info","msg":"Application is running on development mode","time":"2026-05-04T02:20:14+07:00"}
{"level":"info","msg":"[PGSQL CONN][Migrate] Auto Migrating Tables","time":"2026-05-04T02:20:14+07:00"}
{"level":"info","msg":"redis connected","time":"2026-05-04T02:20:18+07:00"}
{"level":"info","msg":"Application is running on development mode","time":"2026-05-04T02:43:38+07:00"}
{"level":"info","msg":"[PGSQL CONN][Migrate] Auto Migrating Tables","time":"2026-05-04T02:43:38+07:00"}
{"level":"info","msg":"redis connected","time":"2026-05-04T02:43:39+07:00"}
{"level":"info","msg":"Application is running on development mode","time":"2026-05-04T02:43:42+07:00"}
{"level":"info","msg":"[PGSQL CONN][Migrate] Auto Migrating Tables","time":"2026-05-04T02:43:42+07:00"}
{"level":"info","msg":"redis connected","time":"2026-05-04T02:43:43+07:00"}
{"level":"info","msg":"Application is running on development mode","time":"2026-05-04T02:43:48+07:00"}
{"level":"info","msg":"[PGSQL CONN][Migrate] Auto Migrating Tables","time":"2026-05-04T02:43:48+07:00"}
{"level":"info","msg":"redis connected","time":"2026-05-04T02:43:48+07:00"}
{"level":"info","msg":"Application is running on development mode","time":"2026-05-04T02:43:57+07:00"}
{"level":"info","msg":"[PGSQL CONN][Migrate] Auto Migrating Tables","time":"2026-05-04T02:43:57+07:00"}
{"level":"info","msg":"redis connected","time":"2026-05-04T02:43:59+07:00"}
{"level":"info","msg":"Application is running on development mode","time":"2026-05-04T02:45:33+07:00"}
{"level":"info","msg":"[PGSQL CONN][Migrate] Auto Migrating Tables","time":"2026-05-04T02:45:33+07:00"}
{"level":"info","msg":"redis connected","time":"2026-05-04T02:45:35+07:00"}
{"level":"info","msg":"Application is running on development mode","time":"2026-05-04T02:45:58+07:00"}
{"level":"info","msg":"[PGSQL CONN][Migrate] Auto Migrating Tables","time":"2026-05-04T02:45:58+07:00"}
{"level":"info","msg":"redis connected","time":"2026-05-04T02:46:00+07:00"}
{"level":"info","msg":"Application is running on development mode","time":"2026-05-04T02:53:05+07:00"}
{"level":"info","msg":"[PGSQL CONN][Migrate] Auto Migrating Tables","time":"2026-05-04T02:53:05+07:00"}
{"level":"info","msg":"redis connected","time":"2026-05-04T02:53:09+07:00"}
{"level":"info","msg":"Application is running on development mode","time":"2026-05-04T02:53:25+07:00"}
{"level":"info","msg":"[PGSQL CONN][Migrate] Dropping All Tables","time":"2026-05-04T02:53:25+07:00"}
{"level":"info","msg":"[PGSQL CONN][Migrate] Auto Migrating Tables","time":"2026-05-04T02:53:25+07:00"}
{"level":"info","msg":"[PGSQL CONN][EnsureDefaultSettings] Seeding default system settings","time":"2026-05-04T02:53:26+07:00"}
{"level":"info","msg":"redis connected","time":"2026-05-04T02:53:26+07:00"}
{"level":"info","msg":"Application is running on development mode","time":"2026-05-04T02:53:37+07:00"}
{"level":"info","msg":"[PGSQL CONN][Migrate] Auto Migrating Tables","time":"2026-05-04T02:53:37+07:00"}
{"level":"info","msg":"redis connected","time":"2026-05-04T02:53:38+07:00"}
{"level":"info","msg":"Application is running on development mode","time":"2026-05-04T03:34:40+07:00"}
{"level":"info","msg":"[PGSQL CONN][Migrate] Auto Migrating Tables","time":"2026-05-04T03:34:40+07:00"}
{"level":"info","msg":"Application is running on development mode","time":"2026-05-04T03:34:42+07:00"}
{"level":"info","msg":"[PGSQL CONN][Migrate] Auto Migrating Tables","time":"2026-05-04T03:34:42+07:00"}
{"level":"info","msg":"redis connected","time":"2026-05-04T03:34:42+07:00"}
{"level":"info","msg":"Application is running on development mode","time":"2026-05-04T03:34:45+07:00"}
{"level":"info","msg":"[PGSQL CONN][Migrate] Auto Migrating Tables","time":"2026-05-04T03:34:45+07:00"}
{"level":"info","msg":"redis connected","time":"2026-05-04T03:34:45+07:00"}
{"level":"info","msg":"Application is running on development mode","time":"2026-05-04T03:34:48+07:00"}
{"level":"info","msg":"[PGSQL CONN][Migrate] Auto Migrating Tables","time":"2026-05-04T03:34:48+07:00"}
{"level":"info","msg":"redis connected","time":"2026-05-04T03:34:49+07:00"}
{"level":"info","msg":"Application is running on development mode","time":"2026-05-04T03:34:54+07:00"}
{"level":"info","msg":"[PGSQL CONN][Migrate] Auto Migrating Tables","time":"2026-05-04T03:34:54+07:00"}
{"level":"info","msg":"redis connected","time":"2026-05-04T03:34:55+07:00"}
{"level":"info","msg":"Application is running on development mode","time":"2026-05-04T03:35:22+07:00"}
{"level":"info","msg":"[PGSQL CONN][Migrate] Auto Migrating Tables","time":"2026-05-04T03:35:22+07:00"}
{"level":"info","msg":"redis connected","time":"2026-05-04T03:35:25+07:00"}
{"level":"info","msg":"Application is running on development mode","time":"2026-05-04T03:35:52+07:00"}
{"level":"info","msg":"[PGSQL CONN][Migrate] Auto Migrating Tables","time":"2026-05-04T03:35:52+07:00"}
{"level":"info","msg":"redis connected","time":"2026-05-04T03:35:53+07:00"}
{"level":"info","msg":"Application is running on development mode","time":"2026-05-04T03:36:53+07:00"}
{"level":"info","msg":"[PGSQL CONN][Migrate] Dropping All Tables","time":"2026-05-04T03:36:53+07:00"}
{"level":"info","msg":"[PGSQL CONN][Migrate] Auto Migrating Tables","time":"2026-05-04T03:36:53+07:00"}
{"level":"info","msg":"[PGSQL CONN][EnsureDefaultSettings] Seeding default system settings","time":"2026-05-04T03:36:53+07:00"}
{"level":"info","msg":"redis connected","time":"2026-05-04T03:36:55+07:00"}
{"level":"info","msg":"Application is running on development mode","time":"2026-05-04T03:37:06+07:00"}
{"level":"info","msg":"[PGSQL CONN][Migrate] Auto Migrating Tables","time":"2026-05-04T03:37:06+07:00"}
{"level":"info","msg":"redis connected","time":"2026-05-04T03:37:06+07:00"}
{"level":"info","msg":"Application is running on development mode","time":"2026-05-04T03:38:23+07:00"}
{"level":"info","msg":"[PGSQL CONN][Migrate] Dropping All Tables","time":"2026-05-04T03:38:23+07:00"}
{"level":"info","msg":"[PGSQL CONN][Migrate] Auto Migrating Tables","time":"2026-05-04T03:38:23+07:00"}
{"level":"info","msg":"[PGSQL CONN][EnsureDefaultSettings] Seeding default system settings","time":"2026-05-04T03:38:23+07:00"}
{"level":"info","msg":"redis connected","time":"2026-05-04T03:38:25+07:00"}
{"level":"info","msg":"Application is running on development mode","time":"2026-05-04T03:40:26+07:00"}
{"level":"info","msg":"[PGSQL CONN][Migrate] Dropping All Tables","time":"2026-05-04T03:40:26+07:00"}
{"level":"info","msg":"[PGSQL CONN][Migrate] Auto Migrating Tables","time":"2026-05-04T03:40:26+07:00"}
{"level":"info","msg":"[PGSQL CONN][EnsureDefaultSettings] Seeding default system settings","time":"2026-05-04T03:40:26+07:00"}
{"level":"info","msg":"redis connected","time":"2026-05-04T03:40:28+07:00"}
{"level":"info","msg":"Application is running on development mode","time":"2026-05-04T03:41:39+07:00"}
{"level":"info","msg":"[PGSQL CONN][Migrate] Dropping All Tables","time":"2026-05-04T03:41:39+07:00"}
{"level":"info","msg":"[PGSQL CONN][Migrate] Auto Migrating Tables","time":"2026-05-04T03:41:39+07:00"}
{"level":"info","msg":"[PGSQL CONN][EnsureDefaultSettings] Seeding default system settings","time":"2026-05-04T03:41:39+07:00"}
{"level":"info","msg":"redis connected","time":"2026-05-04T03:41:43+07:00"}
{"level":"info","msg":"Application is running on development mode","time":"2026-05-04T03:41:58+07:00"}
{"level":"info","msg":"[PGSQL CONN][Migrate] Auto Migrating Tables","time":"2026-05-04T03:41:58+07:00"}
{"level":"info","msg":"redis connected","time":"2026-05-04T03:41:59+07:00"}
