{"level":"info","msg":"Application is running on development mode","time":"2026-05-07T00:03:02+07:00"}
{"level":"info","msg":"[PGSQL CONN][Migrate] Auto Migrating Tables","time":"2026-05-07T00:03:02+07:00"}
{"level":"info","msg":"redis connected","time":"2026-05-07T00:03:02+07:00"}
{"level":"info","msg":"Application is running on development mode","time":"2026-05-07T00:32:41+07:00"}
{"level":"info","msg":"[PGSQL CONN][Migrate] Auto Migrating Tables","time":"2026-05-07T00:32:41+07:00"}
{"level":"info","msg":"redis connected","time":"2026-05-07T00:32:42+07:00"}
{"level":"info","msg":"Application is running on development mode","time":"2026-05-07T00:32:47+07:00"}
{"level":"info","msg":"[PGSQL CONN][Migrate] Auto Migrating Tables","time":"2026-05-07T00:32:47+07:00"}
{"level":"info","msg":"redis connected","time":"2026-05-07T00:32:47+07:00"}
{"level":"info","msg":"Application is running on development mode","time":"2026-05-07T00:32:51+07:00"}
{"level":"info","msg":"[PGSQL CONN][Migrate] Auto Migrating Tables","time":"2026-05-07T00:32:51+07:00"}
{"level":"info","msg":"redis connected","time":"2026-05-07T00:32:51+07:00"}
{"level":"info","msg":"Application is running on development mode","time":"2026-05-07T00:33:00+07:00"}
{"level":"info","msg":"[PGSQL CONN][Migrate] Auto Migrating Tables","time":"2026-05-07T00:33:00+07:00"}
{"level":"info","msg":"[USER SEEDER] Admin user seeded successfully","time":"2026-05-07T00:33:00+07:00"}
{"level":"info","msg":"redis connected","time":"2026-05-07T00:33:01+07:00"}
{"level":"info","msg":"Application is running on development mode","time":"2026-05-07T00:33:06+07:00"}
{"level":"info","msg":"[PGSQL CONN][Migrate] Auto Migrating Tables","time":"2026-05-07T00:33:06+07:00"}
{"level":"info","msg":"[USER SEEDER] Admin user already exists, skipping...","time":"2026-05-07T00:33:06+07:00"}
{"level":"info","msg":"redis connected","time":"2026-05-07T00:33:07+07:00"}
{"level":"info","msg":"Application is running on development mode","time":"2026-05-07T00:42:00+07:00"}
{"level":"info","msg":"[PGSQL CONN][Migrate] Dropping All Tables","time":"2026-05-07T00:42:00+07:00"}
{"level":"info","msg":"[PGSQL CONN][Migrate] Auto Migrating Tables","time":"2026-05-07T00:42:00+07:00"}
{"level":"info","msg":"[PGSQL CONN][EnsureDefaultSettings] Seeding default system settings","time":"2026-05-07T00:42:00+07:00"}
{"level":"info","msg":"redis connected","time":"2026-05-07T00:42:00+07:00"}
{"level":"info","msg":"Application is running on development mode","time":"2026-05-07T00:42:44+07:00"}
{"level":"info","msg":"[PGSQL CONN][Migrate] Auto Migrating Tables","time":"2026-05-07T00:42:44+07:00"}
{"level":"info","msg":"redis connected","time":"2026-05-07T00:42:45+07:00"}
{"level":"info","msg":"Application is running on development mode","time":"2026-05-07T00:43:28+07:00"}
{"level":"info","msg":"[PGSQL CONN][Migrate] Auto Migrating Tables","time":"2026-05-07T00:43:28+07:00"}
{"level":"info","msg":"redis connected","time":"2026-05-07T00:43:28+07:00"}
{"level":"info","msg":"Application is running on development mode","time":"2026-05-07T00:55:09+07:00"}
{"level":"info","msg":"[PGSQL CONN][Migrate] Auto Migrating Tables","time":"2026-05-07T00:55:09+07:00"}
{"level":"info","msg":"redis connected","time":"2026-05-07T00:55:10+07:00"}
{"level":"info","msg":"Application is running on development mode","time":"2026-05-07T00:59:44+07:00"}
{"level":"info","msg":"[PGSQL CONN][Migrate] Auto Migrating Tables","time":"2026-05-07T00:59:44+07:00"}
{"level":"info","msg":"redis connected","time":"2026-05-07T00:59:44+07:00"}
{"level":"info","msg":"Application is running on development mode","time":"2026-05-07T01:01:37+07:00"}
{"level":"info","msg":"[PGSQL CONN][Migrate] Auto Migrating Tables","time":"2026-05-07T01:01:37+07:00"}
{"level":"info","msg":"[USER SEEDER] Admin user seeded successfully","time":"2026-05-07T01:01:38+07:00"}
{"level":"info","msg":"redis connected","time":"2026-05-07T01:01:38+07:00"}
{"level":"info","msg":"Application is running on development mode","time":"2026-05-07T01:03:35+07:00"}
{"level":"info","msg":"[PGSQL CONN][Migrate] Auto Migrating Tables","time":"2026-05-07T01:03:35+07:00"}
{"level":"info","msg":"redis connected","time":"2026-05-07T01:03:35+07:00"}
{"error":"token is malformed: token contains an invalid number of segments","level":"warning","msg":"[JWT][ValidateToken] failed to validate token","time":"2026-05-07T01:07:29+07:00"}
{"error":"token is malformed: token contains an invalid number of segments","level":"warning","msg":"[MIDDLEWARE][Authentication] failed to validate token","time":"2026-05-07T01:07:29+07:00"}
{"level":"info","msg":"Application is running on development mode","time":"2026-05-07T01:18:13+07:00"}
{"level":"info","msg":"[PGSQL CONN][Migrate] Auto Migrating Tables","time":"2026-05-07T01:18:13+07:00"}
{"level":"info","msg":"redis connected","time":"2026-05-07T01:18:13+07:00"}
{"level":"info","msg":"Application is running on development mode","time":"2026-05-07T01:18:31+07:00"}
{"level":"info","msg":"[PGSQL CONN][Migrate] Auto Migrating Tables","time":"2026-05-07T01:18:31+07:00"}
{"level":"info","msg":"redis connected","time":"2026-05-07T01:18:31+07:00"}
{"level":"info","msg":"Application is running on development mode","time":"2026-05-07T01:18:53+07:00"}
{"level":"info","msg":"[PGSQL CONN][Migrate] Auto Migrating Tables","time":"2026-05-07T01:18:53+07:00"}
{"level":"info","msg":"redis connected","time":"2026-05-07T01:18:53+07:00"}
{"level":"info","msg":"Application is running on development mode","time":"2026-05-07T01:19:17+07:00"}
{"level":"info","msg":"[PGSQL CONN][Migrate] Auto Migrating Tables","time":"2026-05-07T01:19:17+07:00"}
{"level":"info","msg":"redis connected","time":"2026-05-07T01:19:18+07:00"}
{"level":"info","msg":"Application is running on development mode","time":"2026-05-07T01:20:02+07:00"}
{"level":"info","msg":"[PGSQL CONN][Migrate] Auto Migrating Tables","time":"2026-05-07T01:20:02+07:00"}
{"level":"info","msg":"redis connected","time":"2026-05-07T01:20:02+07:00"}
{"level":"info","msg":"Application is running on development mode","time":"2026-05-07T01:20:51+07:00"}
{"level":"info","msg":"[PGSQL CONN][Migrate] Auto Migrating Tables","time":"2026-05-07T01:20:51+07:00"}
{"level":"info","msg":"redis connected","time":"2026-05-07T01:20:52+07:00"}
{"error":"token is malformed: token contains an invalid number of segments","level":"warning","msg":"[JWT][ValidateToken] failed to validate token","time":"2026-05-07T01:30:31+07:00"}
{"error":"token is malformed: token contains an invalid number of segments","level":"warning","msg":"[MIDDLEWARE][Authentication] failed to validate token","time":"2026-05-07T01:30:31+07:00"}
{"level":"info","msg":"Application is running on development mode","time":"2026-05-07T02:14:59+07:00"}
{"level":"info","msg":"[PGSQL CONN][Migrate] Auto Migrating Tables","time":"2026-05-07T02:14:59+07:00"}
{"level":"info","msg":"redis connected","time":"2026-05-07T02:15:00+07:00"}
{"level":"info","msg":"Application is running on development mode","time":"2026-05-07T02:15:03+07:00"}
{"level":"info","msg":"[PGSQL CONN][Migrate] Auto Migrating Tables","time":"2026-05-07T02:15:03+07:00"}
{"level":"info","msg":"redis connected","time":"2026-05-07T02:15:03+07:00"}
{"error":"token is malformed: token contains an invalid number of segments","level":"warning","msg":"[JWT][ValidateToken] failed to validate token","time":"2026-05-07T02:21:14+07:00"}
{"error":"token is malformed: token contains an invalid number of segments","level":"warning","msg":"[MIDDLEWARE][Authentication] failed to validate token","time":"2026-05-07T02:21:14+07:00"}
{"error":"token is malformed: token contains an invalid number of segments","level":"warning","msg":"[JWT][ValidateToken] failed to validate token","time":"2026-05-07T02:22:33+07:00"}
{"error":"token is malformed: token contains an invalid number of segments","level":"warning","msg":"[MIDDLEWARE][Authentication] failed to validate token","time":"2026-05-07T02:22:33+07:00"}
{"error":"token is malformed: token contains an invalid number of segments","level":"warning","msg":"[JWT][ValidateToken] failed to validate token","time":"2026-05-07T02:22:35+07:00"}
{"error":"token is malformed: token contains an invalid number of segments","level":"warning","msg":"[MIDDLEWARE][Authentication] failed to validate token","time":"2026-05-07T02:22:35+07:00"}
{"error":"token is malformed: token contains an invalid number of segments","level":"warning","msg":"[JWT][ValidateToken] failed to validate token","time":"2026-05-07T02:23:15+07:00"}
{"error":"token is malformed: token contains an invalid number of segments","level":"warning","msg":"[MIDDLEWARE][Authentication] failed to validate token","time":"2026-05-07T02:23:15+07:00"}
{"error":"token is malformed: token contains an invalid number of segments","level":"warning","msg":"[JWT][ValidateToken] failed to validate token","time":"2026-05-07T02:23:29+07:00"}
{"error":"token is malformed: token contains an invalid number of segments","level":"warning","msg":"[MIDDLEWARE][Authentication] failed to validate token","time":"2026-05-07T02:23:29+07:00"}
{"error":"token is malformed: token contains an invalid number of segments","level":"warning","msg":"[JWT][ValidateToken] failed to validate token","time":"2026-05-07T02:24:40+07:00"}
{"error":"token is malformed: token contains an invalid number of segments","level":"warning","msg":"[MIDDLEWARE][Authentication] failed to validate token","time":"2026-05-07T02:24:40+07:00"}
{"level":"info","msg":"Application is running on development mode","time":"2026-05-07T02:28:28+07:00"}
{"level":"info","msg":"[PGSQL CONN][Migrate] Auto Migrating Tables","time":"2026-05-07T02:28:28+07:00"}
{"level":"info","msg":"redis connected","time":"2026-05-07T02:28:28+07:00"}
{"level":"info","msg":"Application is running on development mode","time":"2026-05-07T02:37:29+07:00"}
{"level":"info","msg":"[PGSQL CONN][Migrate] Auto Migrating Tables","time":"2026-05-07T02:37:29+07:00"}
{"level":"info","msg":"Application is running on development mode","time":"2026-05-07T02:37:31+07:00"}
{"level":"info","msg":"[PGSQL CONN][Migrate] Auto Migrating Tables","time":"2026-05-07T02:37:31+07:00"}
{"level":"info","msg":"redis connected","time":"2026-05-07T02:37:31+07:00"}
{"error":"token has invalid claims: token is expired","level":"warning","msg":"[JWT][ValidateToken] failed to validate token","time":"2026-05-07T03:38:27+07:00"}
{"error":"token has invalid claims: token is expired","level":"warning","msg":"[MIDDLEWARE][Authentication] failed to validate token","time":"2026-05-07T03:38:27+07:00"}
{"level":"info","msg":"Application is running on development mode","time":"2026-05-07T03:50:19+07:00"}
{"level":"info","msg":"[PGSQL CONN][Migrate] Auto Migrating Tables","time":"2026-05-07T03:50:19+07:00"}
{"level":"info","msg":"Application is running on development mode","time":"2026-05-07T03:50:21+07:00"}
{"level":"info","msg":"[PGSQL CONN][Migrate] Auto Migrating Tables","time":"2026-05-07T03:50:21+07:00"}
{"level":"info","msg":"redis connected","time":"2026-05-07T03:50:22+07:00"}
{"level":"info","msg":"Application is running on development mode","time":"2026-05-07T03:50:29+07:00"}
{"level":"info","msg":"[PGSQL CONN][Migrate] Auto Migrating Tables","time":"2026-05-07T03:50:29+07:00"}
{"level":"info","msg":"redis connected","time":"2026-05-07T03:50:29+07:00"}
{"level":"info","msg":"Application is running on development mode","time":"2026-05-07T03:50:51+07:00"}
{"level":"info","msg":"[PGSQL CONN][Migrate] Auto Migrating Tables","time":"2026-05-07T03:50:51+07:00"}
{"level":"info","msg":"redis connected","time":"2026-05-07T03:50:52+07:00"}
{"level":"info","msg":"Application is running on development mode","time":"2026-05-07T03:50:59+07:00"}
{"level":"info","msg":"[PGSQL CONN][Migrate] Auto Migrating Tables","time":"2026-05-07T03:50:59+07:00"}
{"level":"info","msg":"redis connected","time":"2026-05-07T03:50:59+07:00"}
{"level":"info","msg":"Application is running on development mode","time":"2026-05-07T03:51:02+07:00"}
{"level":"info","msg":"[PGSQL CONN][Migrate] Auto Migrating Tables","time":"2026-05-07T03:51:02+07:00"}
{"level":"info","msg":"redis connected","time":"2026-05-07T03:51:03+07:00"}
{"level":"info","msg":"Application is running on development mode","time":"2026-05-07T03:51:17+07:00"}
{"level":"info","msg":"[PGSQL CONN][Migrate] Auto Migrating Tables","time":"2026-05-07T03:51:17+07:00"}
{"level":"info","msg":"redis connected","time":"2026-05-07T03:51:18+07:00"}
{"level":"info","msg":"Application is running on development mode","time":"2026-05-07T03:51:24+07:00"}
{"level":"info","msg":"[PGSQL CONN][Migrate] Auto Migrating Tables","time":"2026-05-07T03:51:24+07:00"}
{"level":"info","msg":"redis connected","time":"2026-05-07T03:51:24+07:00"}
{"level":"info","msg":"Application is running on development mode","time":"2026-05-07T03:51:50+07:00"}
{"level":"info","msg":"[PGSQL CONN][Migrate] Auto Migrating Tables","time":"2026-05-07T03:51:50+07:00"}
{"level":"info","msg":"redis connected","time":"2026-05-07T03:51:51+07:00"}
{"level":"info","msg":"Application is running on development mode","time":"2026-05-07T04:01:14+07:00"}
{"level":"info","msg":"[PGSQL CONN][Migrate] Auto Migrating Tables","time":"2026-05-07T04:01:14+07:00"}
{"level":"info","msg":"redis connected","time":"2026-05-07T04:01:15+07:00"}
{"level":"info","msg":"Application is running on development mode","time":"2026-05-07T04:02:10+07:00"}
{"level":"info","msg":"[PGSQL CONN][Migrate] Auto Migrating Tables","time":"2026-05-07T04:02:10+07:00"}
{"level":"info","msg":"redis connected","time":"2026-05-07T04:02:12+07:00"}
{"level":"info","msg":"Application is running on development mode","time":"2026-05-07T04:02:13+07:00"}
{"level":"info","msg":"[PGSQL CONN][Migrate] Auto Migrating Tables","time":"2026-05-07T04:02:13+07:00"}
{"level":"info","msg":"redis connected","time":"2026-05-07T04:02:13+07:00"}
{"level":"info","msg":"Application is running on development mode","time":"2026-05-07T04:08:31+07:00"}
{"level":"info","msg":"[PGSQL CONN][Migrate] Auto Migrating Tables","time":"2026-05-07T04:08:31+07:00"}
{"level":"info","msg":"redis connected","time":"2026-05-07T04:08:32+07:00"}
{"level":"info","msg":"Application is running on development mode","time":"2026-05-07T04:08:38+07:00"}
{"level":"info","msg":"[PGSQL CONN][Migrate] Auto Migrating Tables","time":"2026-05-07T04:08:38+07:00"}
{"level":"info","msg":"Application is running on development mode","time":"2026-05-07T04:08:41+07:00"}
{"level":"info","msg":"[PGSQL CONN][Migrate] Auto Migrating Tables","time":"2026-05-07T04:08:41+07:00"}
{"level":"info","msg":"redis connected","time":"2026-05-07T04:08:41+07:00"}
{"level":"info","msg":"Application is running on development mode","time":"2026-05-07T04:13:50+07:00"}
{"level":"info","msg":"[PGSQL CONN][Migrate] Auto Migrating Tables","time":"2026-05-07T04:13:50+07:00"}
{"level":"info","msg":"Application is running on development mode","time":"2026-05-07T04:13:51+07:00"}
{"level":"info","msg":"[PGSQL CONN][Migrate] Auto Migrating Tables","time":"2026-05-07T04:13:51+07:00"}
{"level":"info","msg":"redis connected","time":"2026-05-07T04:13:51+07:00"}
{"level":"info","msg":"Application is running on development mode","time":"2026-05-07T04:14:27+07:00"}
{"level":"info","msg":"[PGSQL CONN][Migrate] Auto Migrating Tables","time":"2026-05-07T04:14:27+07:00"}
{"level":"info","msg":"redis connected","time":"2026-05-07T04:14:28+07:00"}
