{"level":"info","msg":"Application is running on development mode","time":"2026-05-01T00:01:16+07:00"}
{"level":"info","msg":"[PGSQL CONN][Migrate] Auto Migrating Tables","time":"2026-05-01T00:01:16+07:00"}
{"level":"info","msg":"Application is running on development mode","time":"2026-05-01T00:08:55+07:00"}
{"level":"info","msg":"[PGSQL CONN][Migrate] Auto Migrating Tables","time":"2026-05-01T00:08:55+07:00"}
{"level":"info","msg":"Application is running on development mode","time":"2026-05-01T00:09:30+07:00"}
{"level":"info","msg":"[PGSQL CONN][Migrate] Auto Migrating Tables","time":"2026-05-01T00:09:30+07:00"}
{"level":"info","msg":"Application is running on development mode","time":"2026-05-01T00:09:39+07:00"}
{"level":"info","msg":"[PGSQL CONN][Migrate] Auto Migrating Tables","time":"2026-05-01T00:09:39+07:00"}
{"level":"info","msg":"Application is running on development mode","time":"2026-05-01T00:11:31+07:00"}
{"level":"info","msg":"[PGSQL CONN][Migrate] Auto Migrating Tables","time":"2026-05-01T00:11:31+07:00"}
{"error":"dial tcp 18.143.66.214:1347: i/o timeout","level":"error","msg":"[REDIS][Get] faield to get key","time":"2026-05-01T00:12:07+07:00"}
{"error":"dial tcp 18.143.66.214:1347: i/o timeout","level":"error","msg":"[REDIS][Get] faield to get key","time":"2026-05-01T00:12:23+07:00"}
{"error":"dial tcp 18.143.66.214:1347: i/o timeout","level":"error","msg":"[REDIS][Get] faield to get key","time":"2026-05-01T00:13:50+07:00"}
{"error":"dial tcp 18.143.66.214:1347: i/o timeout","level":"error","msg":"[REDIS][Get] faield to get key","time":"2026-05-01T00:17:48+07:00"}
{"level":"info","msg":"Application is running on development mode","time":"2026-05-01T00:18:23+07:00"}
{"level":"info","msg":"[PGSQL CONN][Migrate] Auto Migrating Tables","time":"2026-05-01T00:18:23+07:00"}
{"error":"dial tcp 18.143.66.214:1347: i/o timeout","level":"error","msg":"[REDIS][Get] faield to get key","time":"2026-05-01T00:18:33+07:00"}
{"level":"info","msg":"Application is running on development mode","time":"2026-05-01T00:19:13+07:00"}
{"level":"info","msg":"[PGSQL CONN][Migrate] Auto Migrating Tables","time":"2026-05-01T00:19:13+07:00"}
{"level":"info","msg":"redis connected","time":"2026-05-01T00:19:14+07:00"}
{"level":"info","msg":"Application is running on development mode","time":"2026-05-01T00:19:23+07:00"}
{"level":"info","msg":"[PGSQL CONN][Migrate] Auto Migrating Tables","time":"2026-05-01T00:19:23+07:00"}
{"error":"dial tcp 18.143.66.214:1347: i/o timeout","level":"error","msg":"[REDIS][NewRedisClient] faield to ping redis","time":"2026-05-01T00:19:28+07:00"}
{"level":"info","msg":"Application is running on development mode","time":"2026-05-01T00:20:17+07:00"}
{"level":"info","msg":"[PGSQL CONN][Migrate] Auto Migrating Tables","time":"2026-05-01T00:20:17+07:00"}
{"level":"info","msg":"redis connected","time":"2026-05-01T00:20:17+07:00"}
{"level":"info","msg":"Application is running on development mode","time":"2026-05-01T00:31:25+07:00"}
{"level":"info","msg":"[PGSQL CONN][Migrate] Auto Migrating Tables","time":"2026-05-01T00:31:25+07:00"}
{"level":"info","msg":"redis connected","time":"2026-05-01T00:31:26+07:00"}
{"level":"info","msg":"Application is running on development mode","time":"2026-05-01T00:31:31+07:00"}
{"level":"info","msg":"[PGSQL CONN][Migrate] Auto Migrating Tables","time":"2026-05-01T00:31:31+07:00"}
{"level":"info","msg":"redis connected","time":"2026-05-01T00:31:31+07:00"}
{"level":"info","msg":"Application is running on development mode","time":"2026-05-01T00:31:57+07:00"}
{"level":"info","msg":"[PGSQL CONN][Migrate] Auto Migrating Tables","time":"2026-05-01T00:31:57+07:00"}
{"level":"info","msg":"redis connected","time":"2026-05-01T00:31:58+07:00"}
{"level":"info","msg":"Application is running on development mode","time":"2026-05-01T00:31:58+07:00"}
{"level":"info","msg":"[PGSQL CONN][Migrate] Auto Migrating Tables","time":"2026-05-01T00:31:58+07:00"}
{"level":"info","msg":"redis connected","time":"2026-05-01T00:31:59+07:00"}
{"level":"info","msg":"Application is running on development mode","time":"2026-05-01T00:32:19+07:00"}
{"level":"info","msg":"[PGSQL CONN][Migrate] Auto Migrating Tables","time":"2026-05-01T00:32:19+07:00"}
{"level":"info","msg":"redis connected","time":"2026-05-01T00:32:20+07:00"}
{"level":"info","msg":"Application is running on development mode","time":"2026-05-01T00:32:23+07:00"}
{"level":"info","msg":"[PGSQL CONN][Migrate] Auto Migrating Tables","time":"2026-05-01T00:32:23+07:00"}
{"level":"info","msg":"redis connected","time":"2026-05-01T00:32:24+07:00"}
{"level":"info","msg":"Application is running on development mode","time":"2026-05-01T00:33:06+07:00"}
{"level":"info","msg":"[PGSQL CONN][Migrate] Auto Migrating Tables","time":"2026-05-01T00:33:06+07:00"}
{"level":"info","msg":"redis connected","time":"2026-05-01T00:33:07+07:00"}
{"level":"info","msg":"Application is running on development mode","time":"2026-05-01T00:54:45+07:00"}
{"level":"info","msg":"[PGSQL CONN][Migrate] Auto Migrating Tables","time":"2026-05-01T00:54:45+07:00"}
{"level":"info","msg":"redis connected","time":"2026-05-01T00:54:45+07:00"}
{"level":"info","msg":"Application is running on development mode","time":"2026-05-01T00:54:57+07:00"}
{"level":"info","msg":"[PGSQL CONN][Migrate] Auto Migrating Tables","time":"2026-05-01T00:54:57+07:00"}
{"level":"info","msg":"redis connected","time":"2026-05-01T00:54:57+07:00"}
{"level":"info","msg":"Application is running on development mode","time":"2026-05-01T00:55:09+07:00"}
{"level":"info","msg":"[PGSQL CONN][Migrate] Auto Migrating Tables","time":"2026-05-01T00:55:09+07:00"}
{"level":"info","msg":"redis connected","time":"2026-05-01T00:55:10+07:00"}
{"level":"info","msg":"Application is running on development mode","time":"2026-05-01T00:55:14+07:00"}
{"level":"info","msg":"[PGSQL CONN][Migrate] Auto Migrating Tables","time":"2026-05-01T00:55:14+07:00"}
{"level":"info","msg":"redis connected","time":"2026-05-01T00:55:14+07:00"}
{"level":"info","msg":"Application is running on development mode","time":"2026-05-01T00:56:40+07:00"}
{"level":"info","msg":"[PGSQL CONN][Migrate] Auto Migrating Tables","time":"2026-05-01T00:56:40+07:00"}
{"level":"info","msg":"redis connected","time":"2026-05-01T00:56:42+07:00"}
{"level":"info","msg":"Application is running on development mode","time":"2026-05-01T01:43:30+07:00"}
{"level":"info","msg":"[PGSQL CONN][Migrate] Auto Migrating Tables","time":"2026-05-01T01:43:30+07:00"}
{"level":"info","msg":"redis connected","time":"2026-05-01T01:43:31+07:00"}
{"level":"info","msg":"Application is running on development mode","time":"2026-05-01T01:43:31+07:00"}
{"level":"info","msg":"[PGSQL CONN][Migrate] Auto Migrating Tables","time":"2026-05-01T01:43:31+07:00"}
{"level":"info","msg":"redis connected","time":"2026-05-01T01:43:32+07:00"}
{"level":"info","msg":"Application is running on development mode","time":"2026-05-01T01:43:37+07:00"}
{"level":"info","msg":"[PGSQL CONN][Migrate] Auto Migrating Tables","time":"2026-05-01T01:43:37+07:00"}
{"level":"info","msg":"redis connected","time":"2026-05-01T01:43:38+07:00"}
{"level":"info","msg":"Application is running on development mode","time":"2026-05-01T02:56:41+07:00"}
{"level":"info","msg":"[PGSQL CONN][Migrate] Auto Migrating Tables","time":"2026-05-01T02:56:41+07:00"}
{"level":"info","msg":"redis connected","time":"2026-05-01T02:56:42+07:00"}
{"level":"info","msg":"Application is running on development mode","time":"2026-05-01T02:56:42+07:00"}
{"level":"info","msg":"[PGSQL CONN][Migrate] Auto Migrating Tables","time":"2026-05-01T02:56:42+07:00"}
{"level":"info","msg":"redis connected","time":"2026-05-01T02:56:42+07:00"}
{"level":"info","msg":"Application is running on development mode","time":"2026-05-01T02:56:44+07:00"}
{"level":"info","msg":"[PGSQL CONN][Migrate] Auto Migrating Tables","time":"2026-05-01T02:56:44+07:00"}
{"level":"info","msg":"redis connected","time":"2026-05-01T02:56:44+07:00"}
{"level":"info","msg":"Application is running on development mode","time":"2026-05-01T02:56:47+07:00"}
{"level":"info","msg":"[PGSQL CONN][Migrate] Auto Migrating Tables","time":"2026-05-01T02:56:47+07:00"}
{"level":"info","msg":"redis connected","time":"2026-05-01T02:56:48+07:00"}
{"level":"info","msg":"Application is running on development mode","time":"2026-05-01T02:56:48+07:00"}
{"level":"info","msg":"[PGSQL CONN][Migrate] Auto Migrating Tables","time":"2026-05-01T02:56:48+07:00"}
{"level":"info","msg":"redis connected","time":"2026-05-01T02:56:49+07:00"}
{"level":"info","msg":"Application is running on development mode","time":"2026-05-01T02:56:57+07:00"}
{"level":"info","msg":"[PGSQL CONN][Migrate] Auto Migrating Tables","time":"2026-05-01T02:56:57+07:00"}
{"level":"info","msg":"redis connected","time":"2026-05-01T02:56:57+07:00"}
{"level":"info","msg":"Application is running on development mode","time":"2026-05-01T03:17:41+07:00"}
{"level":"info","msg":"[PGSQL CONN][Migrate] Auto Migrating Tables","time":"2026-05-01T03:17:42+07:00"}
{"level":"info","msg":"redis connected","time":"2026-05-01T03:17:42+07:00"}
{"level":"info","msg":"Application is running on development mode","time":"2026-05-01T04:09:45+07:00"}
{"level":"info","msg":"[PGSQL CONN][Migrate] Auto Migrating Tables","time":"2026-05-01T04:09:45+07:00"}
{"level":"info","msg":"redis connected","time":"2026-05-01T04:09:46+07:00"}
{"level":"info","msg":"Application is running on development mode","time":"2026-05-01T04:09:48+07:00"}
{"level":"info","msg":"[PGSQL CONN][Migrate] Auto Migrating Tables","time":"2026-05-01T04:09:48+07:00"}
{"level":"info","msg":"redis connected","time":"2026-05-01T04:09:49+07:00"}
{"level":"info","msg":"Application is running on development mode","time":"2026-05-01T04:09:59+07:00"}
{"level":"info","msg":"[PGSQL CONN][Migrate] Auto Migrating Tables","time":"2026-05-01T04:09:59+07:00"}
{"level":"info","msg":"redis connected","time":"2026-05-01T04:09:59+07:00"}
{"level":"info","msg":"Application is running on development mode","time":"2026-05-01T04:10:50+07:00"}
{"level":"info","msg":"[PGSQL CONN][Migrate] Auto Migrating Tables","time":"2026-05-01T04:10:50+07:00"}
{"level":"info","msg":"redis connected","time":"2026-05-01T04:10:51+07:00"}
{"level":"info","msg":"Application is running on development mode","time":"2026-05-01T04:10:59+07:00"}
{"level":"info","msg":"[PGSQL CONN][Migrate] Auto Migrating Tables","time":"2026-05-01T04:10:59+07:00"}
{"level":"info","msg":"redis connected","time":"2026-05-01T04:10:59+07:00"}
{"level":"info","msg":"Application is running on development mode","time":"2026-05-01T04:17:23+07:00"}
{"level":"info","msg":"[PGSQL CONN][Migrate] Auto Migrating Tables","time":"2026-05-01T04:17:23+07:00"}
{"level":"info","msg":"redis connected","time":"2026-05-01T04:17:24+07:00"}
{"level":"info","msg":"Application is running on development mode","time":"2026-05-01T04:23:08+07:00"}
{"level":"info","msg":"[PGSQL CONN][Migrate] Dropping All Tables","time":"2026-05-01T04:23:08+07:00"}
{"level":"info","msg":"[PGSQL CONN][Migrate] Auto Migrating Tables","time":"2026-05-01T04:23:08+07:00"}
{"level":"info","msg":"redis connected","time":"2026-05-01T04:23:09+07:00"}
{"level":"info","msg":"Application is running on development mode","time":"2026-05-01T04:23:23+07:00"}
{"level":"info","msg":"[PGSQL CONN][Migrate] Dropping All Tables","time":"2026-05-01T04:23:23+07:00"}
{"level":"info","msg":"[PGSQL CONN][Migrate] Auto Migrating Tables","time":"2026-05-01T04:23:23+07:00"}
{"level":"info","msg":"redis connected","time":"2026-05-01T04:23:24+07:00"}
{"level":"info","msg":"Application is running on development mode","time":"2026-05-01T04:24:34+07:00"}
{"level":"info","msg":"[PGSQL CONN][Migrate] Auto Migrating Tables","time":"2026-05-01T04:24:34+07:00"}
{"level":"info","msg":"redis connected","time":"2026-05-01T04:24:35+07:00"}
{"error":"violates foreign key constraint","level":"warning","msg":"[EVENT REPOSITORY][CreateEvent] failed to create event","time":"2026-05-01T04:34:02+07:00"}
{"level":"info","msg":"Application is running on development mode","time":"2026-05-01T05:02:50+07:00"}
{"level":"info","msg":"[PGSQL CONN][Migrate] Auto Migrating Tables","time":"2026-05-01T05:02:50+07:00"}
{"level":"info","msg":"redis connected","time":"2026-05-01T05:02:51+07:00"}
{"level":"info","msg":"Application is running on development mode","time":"2026-05-01T05:03:44+07:00"}
{"level":"info","msg":"[PGSQL CONN][Migrate] Auto Migrating Tables","time":"2026-05-01T05:03:44+07:00"}
{"level":"info","msg":"redis connected","time":"2026-05-01T05:03:45+07:00"}
{"level":"info","msg":"Application is running on development mode","time":"2026-05-01T05:05:18+07:00"}
{"level":"info","msg":"[PGSQL CONN][Migrate] Auto Migrating Tables","time":"2026-05-01T05:05:18+07:00"}
{"level":"info","msg":"redis connected","time":"2026-05-01T05:05:18+07:00"}
{"level":"info","msg":"Application is running on development mode","time":"2026-05-01T05:06:27+07:00"}
{"level":"info","msg":"[PGSQL CONN][Migrate] Auto Migrating Tables","time":"2026-05-01T05:06:27+07:00"}
{"level":"info","msg":"redis connected","time":"2026-05-01T05:06:28+07:00"}
{"level":"info","msg":"Application is running on development mode","time":"2026-05-01T05:08:29+07:00"}
{"level":"info","msg":"[PGSQL CONN][Migrate] Auto Migrating Tables","time":"2026-05-01T05:08:29+07:00"}
{"level":"info","msg":"redis connected","time":"2026-05-01T05:08:30+07:00"}
{"level":"info","msg":"Application is running on development mode","time":"2026-05-01T05:09:02+07:00"}
{"level":"info","msg":"[PGSQL CONN][Migrate] Auto Migrating Tables","time":"2026-05-01T05:09:02+07:00"}
{"level":"info","msg":"redis connected","time":"2026-05-01T05:09:02+07:00"}
{"level":"info","msg":"Application is running on development mode","time":"2026-05-01T05:09:16+07:00"}
{"level":"info","msg":"[PGSQL CONN][Migrate] Auto Migrating Tables","time":"2026-05-01T05:09:16+07:00"}
{"level":"info","msg":"redis connected","time":"2026-05-01T05:09:16+07:00"}
{"level":"info","msg":"Application is running on development mode","time":"2026-05-01T05:09:18+07:00"}
{"level":"info","msg":"[PGSQL CONN][Migrate] Auto Migrating Tables","time":"2026-05-01T05:09:18+07:00"}
{"level":"info","msg":"redis connected","time":"2026-05-01T05:09:18+07:00"}
{"level":"info","msg":"Application is running on development mode","time":"2026-05-01T05:11:37+07:00"}
{"level":"info","msg":"[PGSQL CONN][Migrate] Auto Migrating Tables","time":"2026-05-01T05:11:37+07:00"}
{"level":"info","msg":"redis connected","time":"2026-05-01T05:11:38+07:00"}
{"level":"info","msg":"Application is running on development mode","time":"2026-05-01T05:13:15+07:00"}
{"level":"info","msg":"[PGSQL CONN][Migrate] Auto Migrating Tables","time":"2026-05-01T05:13:15+07:00"}
{"level":"info","msg":"redis connected","time":"2026-05-01T05:13:15+07:00"}
{"level":"info","msg":"Application is running on development mode","time":"2026-05-01T05:14:45+07:00"}
{"level":"info","msg":"[PGSQL CONN][Migrate] Auto Migrating Tables","time":"2026-05-01T05:14:45+07:00"}
{"level":"info","msg":"redis connected","time":"2026-05-01T05:14:46+07:00"}
{"level":"info","msg":"Application is running on development mode","time":"2026-05-01T05:15:22+07:00"}
{"level":"info","msg":"[PGSQL CONN][Migrate] Auto Migrating Tables","time":"2026-05-01T05:15:22+07:00"}
{"level":"info","msg":"redis connected","time":"2026-05-01T05:15:23+07:00"}
{"level":"info","msg":"Application is running on development mode","time":"2026-05-01T05:17:29+07:00"}
{"level":"info","msg":"[PGSQL CONN][Migrate] Auto Migrating Tables","time":"2026-05-01T05:17:29+07:00"}
{"level":"info","msg":"redis connected","time":"2026-05-01T05:17:30+07:00"}
{"level":"info","msg":"Application is running on development mode","time":"2026-05-01T05:21:54+07:00"}
{"level":"info","msg":"[PGSQL CONN][Migrate] Auto Migrating Tables","time":"2026-05-01T05:21:54+07:00"}
{"level":"info","msg":"redis connected","time":"2026-05-01T05:21:55+07:00"}
{"level":"info","msg":"Application is running on development mode","time":"2026-05-01T05:22:17+07:00"}
{"level":"info","msg":"[PGSQL CONN][Migrate] Auto Migrating Tables","time":"2026-05-01T05:22:17+07:00"}
{"level":"info","msg":"redis connected","time":"2026-05-01T05:22:18+07:00"}
{"level":"info","msg":"Application is running on development mode","time":"2026-05-01T16:29:47+07:00"}
{"level":"info","msg":"[PGSQL CONN][Migrate] Auto Migrating Tables","time":"2026-05-01T16:29:47+07:00"}
{"level":"info","msg":"redis connected","time":"2026-05-01T16:29:47+07:00"}
{"level":"info","msg":"Application is running on development mode","time":"2026-05-01T16:29:50+07:00"}
{"level":"info","msg":"[PGSQL CONN][Migrate] Auto Migrating Tables","time":"2026-05-01T16:29:50+07:00"}
{"level":"info","msg":"redis connected","time":"2026-05-01T16:29:50+07:00"}
{"level":"info","msg":"Application is running on development mode","time":"2026-05-01T16:29:54+07:00"}
{"level":"info","msg":"[PGSQL CONN][Migrate] Auto Migrating Tables","time":"2026-05-01T16:29:54+07:00"}
{"level":"info","msg":"redis connected","time":"2026-05-01T16:29:55+07:00"}
{"level":"info","msg":"Application is running on development mode","time":"2026-05-01T16:30:09+07:00"}
{"level":"info","msg":"[PGSQL CONN][Migrate] Auto Migrating Tables","time":"2026-05-01T16:30:09+07:00"}
{"level":"info","msg":"redis connected","time":"2026-05-01T16:30:09+07:00"}
{"level":"info","msg":"Application is running on development mode","time":"2026-05-01T16:30:23+07:00"}
{"level":"info","msg":"[PGSQL CONN][Migrate] Auto Migrating Tables","time":"2026-05-01T16:30:23+07:00"}
{"level":"info","msg":"redis connected","time":"2026-05-01T16:30:23+07:00"}
{"level":"info","msg":"Application is running on development mode","time":"2026-05-01T16:30:31+07:00"}
{"level":"info","msg":"[PGSQL CONN][Migrate] Auto Migrating Tables","time":"2026-05-01T16:30:31+07:00"}
{"level":"info","msg":"redis connected","time":"2026-05-01T16:30:31+07:00"}
{"level":"info","msg":"Application is running on development mode","time":"2026-05-01T16:31:50+07:00"}
{"level":"info","msg":"[PGSQL CONN][Migrate] Auto Migrating Tables","time":"2026-05-01T16:31:50+07:00"}
{"level":"info","msg":"redis connected","time":"2026-05-01T16:31:50+07:00"}
{"level":"info","msg":"Application is running on development mode","time":"2026-05-01T16:31:59+07:00"}
{"level":"info","msg":"[PGSQL CONN][Migrate] Auto Migrating Tables","time":"2026-05-01T16:31:59+07:00"}
{"level":"info","msg":"redis connected","time":"2026-05-01T16:31:59+07:00"}
{"level":"info","msg":"Application is running on development mode","time":"2026-05-01T16:32:01+07:00"}
{"level":"info","msg":"[PGSQL CONN][Migrate] Auto Migrating Tables","time":"2026-05-01T16:32:01+07:00"}
{"level":"info","msg":"redis connected","time":"2026-05-01T16:32:01+07:00"}
{"level":"info","msg":"Application is running on development mode","time":"2026-05-01T16:32:03+07:00"}
{"level":"info","msg":"[PGSQL CONN][Migrate] Auto Migrating Tables","time":"2026-05-01T16:32:03+07:00"}
{"level":"info","msg":"redis connected","time":"2026-05-01T16:32:03+07:00"}
{"level":"info","msg":"Application is running on development mode","time":"2026-05-01T16:32:19+07:00"}
{"level":"info","msg":"[PGSQL CONN][Migrate] Auto Migrating Tables","time":"2026-05-01T16:32:19+07:00"}
{"level":"info","msg":"redis connected","time":"2026-05-01T16:32:19+07:00"}
{"level":"info","msg":"Application is running on development mode","time":"2026-05-01T16:32:25+07:00"}
{"level":"info","msg":"[PGSQL CONN][Migrate] Auto Migrating Tables","time":"2026-05-01T16:32:25+07:00"}
{"level":"info","msg":"redis connected","time":"2026-05-01T16:32:26+07:00"}
{"level":"info","msg":"Application is running on development mode","time":"2026-05-01T16:32:32+07:00"}
{"level":"info","msg":"[PGSQL CONN][Migrate] Auto Migrating Tables","time":"2026-05-01T16:32:32+07:00"}
{"level":"info","msg":"redis connected","time":"2026-05-01T16:32:33+07:00"}
{"level":"info","msg":"Application is running on development mode","time":"2026-05-01T16:32:36+07:00"}
{"level":"info","msg":"[PGSQL CONN][Migrate] Auto Migrating Tables","time":"2026-05-01T16:32:36+07:00"}
{"level":"info","msg":"redis connected","time":"2026-05-01T16:32:36+07:00"}
{"level":"info","msg":"Application is running on development mode","time":"2026-05-01T16:32:55+07:00"}
{"level":"info","msg":"[PGSQL CONN][Migrate] Auto Migrating Tables","time":"2026-05-01T16:32:55+07:00"}
{"level":"info","msg":"redis connected","time":"2026-05-01T16:32:56+07:00"}
{"level":"info","msg":"Application is running on development mode","time":"2026-05-01T16:33:58+07:00"}
{"level":"info","msg":"[PGSQL CONN][Migrate] Auto Migrating Tables","time":"2026-05-01T16:33:58+07:00"}
{"level":"info","msg":"redis connected","time":"2026-05-01T16:33:59+07:00"}
{"level":"info","msg":"Application is running on development mode","time":"2026-05-01T16:34:00+07:00"}
{"level":"info","msg":"[PGSQL CONN][Migrate] Auto Migrating Tables","time":"2026-05-01T16:34:00+07:00"}
{"level":"info","msg":"redis connected","time":"2026-05-01T16:34:00+07:00"}
{"level":"info","msg":"Application is running on development mode","time":"2026-05-01T16:34:02+07:00"}
{"level":"info","msg":"[PGSQL CONN][Migrate] Auto Migrating Tables","time":"2026-05-01T16:34:02+07:00"}
{"level":"info","msg":"redis connected","time":"2026-05-01T16:34:02+07:00"}
{"level":"info","msg":"Application is running on development mode","time":"2026-05-01T16:35:06+07:00"}
{"level":"info","msg":"[PGSQL CONN][Migrate] Auto Migrating Tables","time":"2026-05-01T16:35:06+07:00"}
{"level":"info","msg":"redis connected","time":"2026-05-01T16:35:07+07:00"}
{"level":"info","msg":"Application is running on development mode","time":"2026-05-01T16:35:19+07:00"}
{"level":"info","msg":"[PGSQL CONN][Migrate] Auto Migrating Tables","time":"2026-05-01T16:35:19+07:00"}
{"level":"info","msg":"redis connected","time":"2026-05-01T16:35:19+07:00"}
{"level":"info","msg":"Application is running on development mode","time":"2026-05-01T16:36:04+07:00"}
{"level":"info","msg":"[PGSQL CONN][Migrate] Auto Migrating Tables","time":"2026-05-01T16:36:04+07:00"}
{"level":"info","msg":"redis connected","time":"2026-05-01T16:36:04+07:00"}
{"level":"info","msg":"Application is running on development mode","time":"2026-05-01T16:36:57+07:00"}
{"level":"info","msg":"[PGSQL CONN][Migrate] Auto Migrating Tables","time":"2026-05-01T16:36:57+07:00"}
{"level":"info","msg":"redis connected","time":"2026-05-01T16:36:57+07:00"}
{"level":"info","msg":"Application is running on development mode","time":"2026-05-01T16:37:47+07:00"}
{"level":"info","msg":"[PGSQL CONN][Migrate] Auto Migrating Tables","time":"2026-05-01T16:37:47+07:00"}
{"level":"info","msg":"redis connected","time":"2026-05-01T16:37:47+07:00"}
{"level":"info","msg":"Application is running on development mode","time":"2026-05-01T16:37:54+07:00"}
{"level":"info","msg":"[PGSQL CONN][Migrate] Auto Migrating Tables","time":"2026-05-01T16:37:54+07:00"}
{"level":"info","msg":"redis connected","time":"2026-05-01T16:37:54+07:00"}
{"level":"info","msg":"Application is running on development mode","time":"2026-05-01T16:38:04+07:00"}
{"level":"info","msg":"[PGSQL CONN][Migrate] Auto Migrating Tables","time":"2026-05-01T16:38:04+07:00"}
{"level":"info","msg":"redis connected","time":"2026-05-01T16:38:04+07:00"}
{"level":"info","msg":"Application is running on development mode","time":"2026-05-01T16:38:42+07:00"}
{"level":"info","msg":"[PGSQL CONN][Migrate] Auto Migrating Tables","time":"2026-05-01T16:38:42+07:00"}
{"level":"info","msg":"redis connected","time":"2026-05-01T16:38:42+07:00"}
{"level":"info","msg":"Application is running on development mode","time":"2026-05-01T16:38:51+07:00"}
{"level":"info","msg":"[PGSQL CONN][Migrate] Auto Migrating Tables","time":"2026-05-01T16:38:51+07:00"}
{"level":"info","msg":"redis connected","time":"2026-05-01T16:38:51+07:00"}
{"level":"info","msg":"Application is running on development mode","time":"2026-05-01T16:38:57+07:00"}
{"level":"info","msg":"[PGSQL CONN][Migrate] Auto Migrating Tables","time":"2026-05-01T16:38:57+07:00"}
{"level":"info","msg":"redis connected","time":"2026-05-01T16:38:57+07:00"}
{"level":"info","msg":"Application is running on development mode","time":"2026-05-01T16:38:59+07:00"}
{"level":"info","msg":"[PGSQL CONN][Migrate] Auto Migrating Tables","time":"2026-05-01T16:38:59+07:00"}
{"level":"info","msg":"redis connected","time":"2026-05-01T16:39:00+07:00"}
{"level":"info","msg":"Application is running on development mode","time":"2026-05-01T16:39:08+07:00"}
{"level":"info","msg":"[PGSQL CONN][Migrate] Auto Migrating Tables","time":"2026-05-01T16:39:08+07:00"}
{"level":"info","msg":"redis connected","time":"2026-05-01T16:39:08+07:00"}
{"level":"info","msg":"Application is running on development mode","time":"2026-05-01T16:39:15+07:00"}
{"level":"info","msg":"[PGSQL CONN][Migrate] Auto Migrating Tables","time":"2026-05-01T16:39:15+07:00"}
{"level":"info","msg":"redis connected","time":"2026-05-01T16:39:15+07:00"}
{"level":"info","msg":"Application is running on development mode","time":"2026-05-01T16:39:17+07:00"}
{"level":"info","msg":"[PGSQL CONN][Migrate] Auto Migrating Tables","time":"2026-05-01T16:39:17+07:00"}
{"level":"info","msg":"redis connected","time":"2026-05-01T16:39:17+07:00"}
{"level":"info","msg":"Application is running on development mode","time":"2026-05-01T16:39:20+07:00"}
{"level":"info","msg":"[PGSQL CONN][Migrate] Auto Migrating Tables","time":"2026-05-01T16:39:20+07:00"}
{"level":"info","msg":"redis connected","time":"2026-05-01T16:39:20+07:00"}
{"level":"info","msg":"Application is running on development mode","time":"2026-05-01T16:40:03+07:00"}
{"level":"info","msg":"[PGSQL CONN][Migrate] Auto Migrating Tables","time":"2026-05-01T16:40:03+07:00"}
{"level":"info","msg":"redis connected","time":"2026-05-01T16:40:03+07:00"}
{"level":"info","msg":"Application is running on development mode","time":"2026-05-01T16:41:28+07:00"}
{"level":"info","msg":"[PGSQL CONN][Migrate] Auto Migrating Tables","time":"2026-05-01T16:41:29+07:00"}
{"level":"info","msg":"redis connected","time":"2026-05-01T16:41:29+07:00"}
{"level":"info","msg":"Application is running on development mode","time":"2026-05-01T16:41:56+07:00"}
{"level":"info","msg":"[PGSQL CONN][Migrate] Auto Migrating Tables","time":"2026-05-01T16:41:56+07:00"}
{"level":"info","msg":"redis connected","time":"2026-05-01T16:41:56+07:00"}
{"level":"info","msg":"Application is running on development mode","time":"2026-05-01T16:42:08+07:00"}
{"level":"info","msg":"[PGSQL CONN][Migrate] Auto Migrating Tables","time":"2026-05-01T16:42:08+07:00"}
{"level":"info","msg":"redis connected","time":"2026-05-01T16:42:08+07:00"}
{"level":"info","msg":"Application is running on development mode","time":"2026-05-01T16:42:13+07:00"}
{"level":"info","msg":"[PGSQL CONN][Migrate] Auto Migrating Tables","time":"2026-05-01T16:42:13+07:00"}
{"level":"info","msg":"redis connected","time":"2026-05-01T16:42:14+07:00"}
{"level":"info","msg":"Application is running on development mode","time":"2026-05-01T16:42:20+07:00"}
{"level":"info","msg":"[PGSQL CONN][Migrate] Auto Migrating Tables","time":"2026-05-01T16:42:20+07:00"}
{"level":"info","msg":"redis connected","time":"2026-05-01T16:42:21+07:00"}
{"level":"info","msg":"Application is running on development mode","time":"2026-05-01T16:42:26+07:00"}
{"level":"info","msg":"[PGSQL CONN][Migrate] Auto Migrating Tables","time":"2026-05-01T16:42:26+07:00"}
{"level":"info","msg":"redis connected","time":"2026-05-01T16:42:26+07:00"}
{"level":"info","msg":"Application is running on development mode","time":"2026-05-01T16:42:38+07:00"}
{"level":"info","msg":"[PGSQL CONN][Migrate] Auto Migrating Tables","time":"2026-05-01T16:42:38+07:00"}
{"level":"info","msg":"redis connected","time":"2026-05-01T16:42:38+07:00"}
{"level":"info","msg":"Application is running on development mode","time":"2026-05-01T16:42:41+07:00"}
{"level":"info","msg":"[PGSQL CONN][Migrate] Auto Migrating Tables","time":"2026-05-01T16:42:41+07:00"}
{"level":"info","msg":"redis connected","time":"2026-05-01T16:42:41+07:00"}
{"level":"info","msg":"Application is running on development mode","time":"2026-05-01T16:42:58+07:00"}
{"level":"info","msg":"[PGSQL CONN][Migrate] Auto Migrating Tables","time":"2026-05-01T16:42:58+07:00"}
{"level":"info","msg":"redis connected","time":"2026-05-01T16:42:59+07:00"}
{"level":"info","msg":"Application is running on development mode","time":"2026-05-01T16:43:12+07:00"}
{"level":"info","msg":"[PGSQL CONN][Migrate] Auto Migrating Tables","time":"2026-05-01T16:43:12+07:00"}
{"level":"info","msg":"redis connected","time":"2026-05-01T16:43:13+07:00"}
{"level":"info","msg":"Application is running on development mode","time":"2026-05-01T16:43:25+07:00"}
{"level":"info","msg":"[PGSQL CONN][Migrate] Auto Migrating Tables","time":"2026-05-01T16:43:25+07:00"}
{"level":"info","msg":"redis connected","time":"2026-05-01T16:43:25+07:00"}
{"level":"info","msg":"Application is running on development mode","time":"2026-05-01T16:44:12+07:00"}
{"level":"info","msg":"[PGSQL CONN][Migrate] Auto Migrating Tables","time":"2026-05-01T16:44:12+07:00"}
{"level":"info","msg":"redis connected","time":"2026-05-01T16:44:13+07:00"}
{"level":"info","msg":"Application is running on development mode","time":"2026-05-01T16:44:55+07:00"}
{"level":"info","msg":"[PGSQL CONN][Migrate] Auto Migrating Tables","time":"2026-05-01T16:44:55+07:00"}
{"level":"info","msg":"redis connected","time":"2026-05-01T16:44:55+07:00"}
{"level":"info","msg":"Application is running on development mode","time":"2026-05-01T16:44:57+07:00"}
{"level":"info","msg":"[PGSQL CONN][Migrate] Auto Migrating Tables","time":"2026-05-01T16:44:57+07:00"}
{"level":"info","msg":"redis connected","time":"2026-05-01T16:44:57+07:00"}
{"level":"info","msg":"Application is running on development mode","time":"2026-05-01T16:45:16+07:00"}
{"level":"info","msg":"[PGSQL CONN][Migrate] Auto Migrating Tables","time":"2026-05-01T16:45:16+07:00"}
{"level":"info","msg":"redis connected","time":"2026-05-01T16:45:16+07:00"}
{"level":"info","msg":"Application is running on development mode","time":"2026-05-01T16:45:17+07:00"}
{"level":"info","msg":"[PGSQL CONN][Migrate] Auto Migrating Tables","time":"2026-05-01T16:45:17+07:00"}
{"level":"info","msg":"redis connected","time":"2026-05-01T16:45:17+07:00"}
{"level":"info","msg":"Application is running on development mode","time":"2026-05-01T16:45:28+07:00"}
{"level":"info","msg":"[PGSQL CONN][Migrate] Auto Migrating Tables","time":"2026-05-01T16:45:28+07:00"}
{"level":"info","msg":"redis connected","time":"2026-05-01T16:45:28+07:00"}
{"level":"info","msg":"Application is running on development mode","time":"2026-05-01T16:45:31+07:00"}
{"level":"info","msg":"[PGSQL CONN][Migrate] Auto Migrating Tables","time":"2026-05-01T16:45:31+07:00"}
{"level":"info","msg":"redis connected","time":"2026-05-01T16:45:31+07:00"}
{"level":"info","msg":"Application is running on development mode","time":"2026-05-01T16:45:40+07:00"}
{"level":"info","msg":"[PGSQL CONN][Migrate] Auto Migrating Tables","time":"2026-05-01T16:45:40+07:00"}
{"level":"info","msg":"redis connected","time":"2026-05-01T16:45:40+07:00"}
{"level":"info","msg":"Application is running on development mode","time":"2026-05-01T16:45:41+07:00"}
{"level":"info","msg":"[PGSQL CONN][Migrate] Auto Migrating Tables","time":"2026-05-01T16:45:41+07:00"}
{"level":"info","msg":"redis connected","time":"2026-05-01T16:45:41+07:00"}
{"level":"info","msg":"Application is running on development mode","time":"2026-05-01T16:46:38+07:00"}
{"level":"info","msg":"[PGSQL CONN][Migrate] Auto Migrating Tables","time":"2026-05-01T16:46:38+07:00"}
{"level":"info","msg":"redis connected","time":"2026-05-01T16:46:39+07:00"}
{"level":"info","msg":"Application is running on development mode","time":"2026-05-01T16:46:42+07:00"}
{"level":"info","msg":"[PGSQL CONN][Migrate] Auto Migrating Tables","time":"2026-05-01T16:46:42+07:00"}
{"level":"info","msg":"redis connected","time":"2026-05-01T16:46:43+07:00"}
{"level":"info","msg":"Application is running on development mode","time":"2026-05-01T16:46:46+07:00"}
{"level":"info","msg":"[PGSQL CONN][Migrate] Auto Migrating Tables","time":"2026-05-01T16:46:46+07:00"}
{"level":"info","msg":"redis connected","time":"2026-05-01T16:46:46+07:00"}
{"level":"info","msg":"Application is running on development mode","time":"2026-05-01T16:46:48+07:00"}
{"level":"info","msg":"[PGSQL CONN][Migrate] Auto Migrating Tables","time":"2026-05-01T16:46:48+07:00"}
{"level":"info","msg":"redis connected","time":"2026-05-01T16:46:48+07:00"}
{"level":"info","msg":"Application is running on development mode","time":"2026-05-01T16:46:50+07:00"}
{"level":"info","msg":"[PGSQL CONN][Migrate] Auto Migrating Tables","time":"2026-05-01T16:46:50+07:00"}
{"level":"info","msg":"redis connected","time":"2026-05-01T16:46:50+07:00"}
{"level":"info","msg":"Application is running on development mode","time":"2026-05-01T16:46:54+07:00"}
{"level":"info","msg":"[PGSQL CONN][Migrate] Auto Migrating Tables","time":"2026-05-01T16:46:54+07:00"}
{"level":"info","msg":"redis connected","time":"2026-05-01T16:46:54+07:00"}
{"level":"info","msg":"Application is running on development mode","time":"2026-05-01T16:46:57+07:00"}
{"level":"info","msg":"[PGSQL CONN][Migrate] Auto Migrating Tables","time":"2026-05-01T16:46:57+07:00"}
{"level":"info","msg":"redis connected","time":"2026-05-01T16:46:58+07:00"}
{"level":"info","msg":"Application is running on development mode","time":"2026-05-01T16:47:16+07:00"}
{"level":"info","msg":"[PGSQL CONN][Migrate] Auto Migrating Tables","time":"2026-05-01T16:47:16+07:00"}
{"level":"info","msg":"redis connected","time":"2026-05-01T16:47:17+07:00"}
{"level":"info","msg":"Application is running on development mode","time":"2026-05-01T16:47:19+07:00"}
{"level":"info","msg":"[PGSQL CONN][Migrate] Auto Migrating Tables","time":"2026-05-01T16:47:19+07:00"}
{"level":"info","msg":"redis connected","time":"2026-05-01T16:47:20+07:00"}
{"level":"info","msg":"Application is running on development mode","time":"2026-05-01T16:47:21+07:00"}
{"level":"info","msg":"[PGSQL CONN][Migrate] Auto Migrating Tables","time":"2026-05-01T16:47:21+07:00"}
{"level":"info","msg":"redis connected","time":"2026-05-01T16:47:21+07:00"}
{"level":"info","msg":"Application is running on development mode","time":"2026-05-01T16:47:24+07:00"}
{"level":"info","msg":"[PGSQL CONN][Migrate] Auto Migrating Tables","time":"2026-05-01T16:47:24+07:00"}
{"level":"info","msg":"redis connected","time":"2026-05-01T16:47:25+07:00"}
{"level":"info","msg":"Application is running on development mode","time":"2026-05-01T16:47:27+07:00"}
{"level":"info","msg":"[PGSQL CONN][Migrate] Auto Migrating Tables","time":"2026-05-01T16:47:27+07:00"}
{"level":"info","msg":"redis connected","time":"2026-05-01T16:47:27+07:00"}
{"level":"info","msg":"Application is running on development mode","time":"2026-05-01T16:47:33+07:00"}
{"level":"info","msg":"[PGSQL CONN][Migrate] Auto Migrating Tables","time":"2026-05-01T16:47:33+07:00"}
{"level":"info","msg":"redis connected","time":"2026-05-01T16:47:33+07:00"}
{"level":"info","msg":"Application is running on development mode","time":"2026-05-01T16:47:56+07:00"}
{"level":"info","msg":"[PGSQL CONN][Migrate] Auto Migrating Tables","time":"2026-05-01T16:47:56+07:00"}
{"level":"info","msg":"redis connected","time":"2026-05-01T16:47:56+07:00"}
{"level":"info","msg":"Application is running on development mode","time":"2026-05-01T16:47:58+07:00"}
{"level":"info","msg":"[PGSQL CONN][Migrate] Auto Migrating Tables","time":"2026-05-01T16:47:58+07:00"}
{"level":"info","msg":"redis connected","time":"2026-05-01T16:47:59+07:00"}
{"level":"info","msg":"Application is running on development mode","time":"2026-05-01T16:48:02+07:00"}
{"level":"info","msg":"[PGSQL CONN][Migrate] Auto Migrating Tables","time":"2026-05-01T16:48:02+07:00"}
{"level":"info","msg":"redis connected","time":"2026-05-01T16:48:02+07:00"}
{"level":"info","msg":"Application is running on development mode","time":"2026-05-01T16:48:08+07:00"}
{"level":"info","msg":"[PGSQL CONN][Migrate] Auto Migrating Tables","time":"2026-05-01T16:48:08+07:00"}
{"level":"info","msg":"redis connected","time":"2026-05-01T16:48:08+07:00"}
{"level":"info","msg":"Application is running on development mode","time":"2026-05-01T16:49:44+07:00"}
{"level":"info","msg":"[PGSQL CONN][Migrate] Auto Migrating Tables","time":"2026-05-01T16:49:44+07:00"}
{"level":"info","msg":"redis connected","time":"2026-05-01T16:49:44+07:00"}
{"level":"info","msg":"Application is running on development mode","time":"2026-05-01T16:49:47+07:00"}
{"level":"info","msg":"[PGSQL CONN][Migrate] Auto Migrating Tables","time":"2026-05-01T16:49:47+07:00"}
{"level":"info","msg":"redis connected","time":"2026-05-01T16:49:47+07:00"}
{"level":"info","msg":"Application is running on development mode","time":"2026-05-01T16:50:07+07:00"}
{"level":"info","msg":"[PGSQL CONN][Migrate] Auto Migrating Tables","time":"2026-05-01T16:50:07+07:00"}
{"level":"info","msg":"redis connected","time":"2026-05-01T16:50:07+07:00"}
{"level":"info","msg":"Application is running on development mode","time":"2026-05-01T16:50:10+07:00"}
{"level":"info","msg":"[PGSQL CONN][Migrate] Auto Migrating Tables","time":"2026-05-01T16:50:10+07:00"}
{"level":"info","msg":"redis connected","time":"2026-05-01T16:50:10+07:00"}
{"level":"info","msg":"Application is running on development mode","time":"2026-05-01T16:51:58+07:00"}
{"level":"info","msg":"[PGSQL CONN][Migrate] Auto Migrating Tables","time":"2026-05-01T16:51:58+07:00"}
{"level":"info","msg":"redis connected","time":"2026-05-01T16:51:59+07:00"}
{"level":"info","msg":"Application is running on development mode","time":"2026-05-01T16:52:11+07:00"}
{"level":"info","msg":"[PGSQL CONN][Migrate] Auto Migrating Tables","time":"2026-05-01T16:52:11+07:00"}
{"level":"info","msg":"redis connected","time":"2026-05-01T16:52:12+07:00"}
{"level":"info","msg":"Application is running on development mode","time":"2026-05-01T16:54:36+07:00"}
{"level":"info","msg":"[PGSQL CONN][Migrate] Auto Migrating Tables","time":"2026-05-01T16:54:36+07:00"}
{"level":"info","msg":"Application is running on development mode","time":"2026-05-01T16:54:36+07:00"}
{"level":"info","msg":"[PGSQL CONN][Migrate] Auto Migrating Tables","time":"2026-05-01T16:54:36+07:00"}
{"level":"info","msg":"redis connected","time":"2026-05-01T16:54:37+07:00"}
{"level":"info","msg":"Application is running on development mode","time":"2026-05-01T16:58:21+07:00"}
{"level":"info","msg":"[PGSQL CONN][Migrate] Auto Migrating Tables","time":"2026-05-01T16:58:21+07:00"}
{"level":"info","msg":"redis connected","time":"2026-05-01T16:58:21+07:00"}
{"level":"info","msg":"Application is running on development mode","time":"2026-05-01T17:05:54+07:00"}
{"level":"info","msg":"[PGSQL CONN][Migrate] Auto Migrating Tables","time":"2026-05-01T17:05:54+07:00"}
{"level":"info","msg":"redis connected","time":"2026-05-01T17:05:54+07:00"}
{"level":"info","msg":"Application is running on development mode","time":"2026-05-01T17:07:18+07:00"}
{"level":"info","msg":"[PGSQL CONN][Migrate] Auto Migrating Tables","time":"2026-05-01T17:07:18+07:00"}
{"level":"info","msg":"redis connected","time":"2026-05-01T17:07:18+07:00"}
{"level":"info","msg":"Application is running on development mode","time":"2026-05-01T17:26:50+07:00"}
{"level":"info","msg":"[PGSQL CONN][Migrate] Auto Migrating Tables","time":"2026-05-01T17:26:50+07:00"}
{"level":"info","msg":"redis connected","time":"2026-05-01T17:26:50+07:00"}
{"level":"info","msg":"Application is running on development mode","time":"2026-05-01T17:31:00+07:00"}
{"level":"info","msg":"[PGSQL CONN][Migrate] Auto Migrating Tables","time":"2026-05-01T17:31:00+07:00"}
{"level":"info","msg":"redis connected","time":"2026-05-01T17:31:01+07:00"}
{"level":"info","msg":"Application is running on development mode","time":"2026-05-01T17:31:03+07:00"}
{"level":"info","msg":"[PGSQL CONN][Migrate] Auto Migrating Tables","time":"2026-05-01T17:31:03+07:00"}
{"level":"info","msg":"redis connected","time":"2026-05-01T17:31:03+07:00"}
