{"level":"info","msg":"Application is running on development mode","time":"2026-05-05T08:54:07+07:00"}
{"level":"info","msg":"[PGSQL CONN][Migrate] Auto Migrating Tables","time":"2026-05-05T08:54:07+07:00"}
{"level":"info","msg":"redis connected","time":"2026-05-05T08:54:08+07:00"}
{"level":"info","msg":"Application is running on development mode","time":"2026-05-05T08:54:12+07:00"}
{"level":"info","msg":"[PGSQL CONN][Migrate] Auto Migrating Tables","time":"2026-05-05T08:54:12+07:00"}
{"level":"info","msg":"redis connected","time":"2026-05-05T08:54:12+07:00"}
{"level":"info","msg":"Application is running on development mode","time":"2026-05-05T08:54:21+07:00"}
{"level":"info","msg":"[PGSQL CONN][Migrate] Auto Migrating Tables","time":"2026-05-05T08:54:21+07:00"}
{"level":"info","msg":"redis connected","time":"2026-05-05T08:54:21+07:00"}
{"level":"info","msg":"Application is running on development mode","time":"2026-05-05T08:54:28+07:00"}
{"level":"info","msg":"[PGSQL CONN][Migrate] Auto Migrating Tables","time":"2026-05-05T08:54:28+07:00"}
{"level":"info","msg":"redis connected","time":"2026-05-05T08:54:29+07:00"}
{"level":"info","msg":"Application is running on development mode","time":"2026-05-05T08:54:34+07:00"}
{"level":"info","msg":"[PGSQL CONN][Migrate] Auto Migrating Tables","time":"2026-05-05T08:54:34+07:00"}
{"level":"info","msg":"redis connected","time":"2026-05-05T08:54:34+07:00"}
{"level":"info","msg":"Application is running on development mode","time":"2026-05-05T08:54:48+07:00"}
{"level":"info","msg":"[PGSQL CONN][Migrate] Auto Migrating Tables","time":"2026-05-05T08:54:48+07:00"}
{"level":"info","msg":"redis connected","time":"2026-05-05T08:54:48+07:00"}
{"level":"info","msg":"Application is running on development mode","time":"2026-05-05T08:54:53+07:00"}
{"level":"info","msg":"[PGSQL CONN][Migrate] Auto Migrating Tables","time":"2026-05-05T08:54:53+07:00"}
{"level":"info","msg":"redis connected","time":"2026-05-05T08:54:53+07:00"}
{"level":"info","msg":"Application is running on development mode","time":"2026-05-05T08:54:58+07:00"}
{"level":"info","msg":"[PGSQL CONN][Migrate] Auto Migrating Tables","time":"2026-05-05T08:54:58+07:00"}
{"level":"info","msg":"redis connected","time":"2026-05-05T08:54:58+07:00"}
{"level":"info","msg":"Application is running on development mode","time":"2026-05-05T08:55:50+07:00"}
{"level":"info","msg":"[PGSQL CONN][Migrate] Dropping All Tables","time":"2026-05-05T08:55:50+07:00"}
{"level":"info","msg":"[PGSQL CONN][Migrate] Auto Migrating Tables","time":"2026-05-05T08:55:50+07:00"}
{"level":"info","msg":"[PGSQL CONN][EnsureDefaultSettings] Seeding default system settings","time":"2026-05-05T08:55:50+07:00"}
{"level":"info","msg":"redis connected","time":"2026-05-05T08:55:51+07:00"}
{"level":"info","msg":"Application is running on development mode","time":"2026-05-05T08:56:03+07:00"}
{"level":"info","msg":"[PGSQL CONN][Migrate] Dropping All Tables","time":"2026-05-05T08:56:03+07:00"}
{"level":"info","msg":"[PGSQL CONN][Migrate] Auto Migrating Tables","time":"2026-05-05T08:56:03+07:00"}
{"level":"info","msg":"[PGSQL CONN][EnsureDefaultSettings] Seeding default system settings","time":"2026-05-05T08:56:03+07:00"}
{"level":"info","msg":"redis connected","time":"2026-05-05T08:56:03+07:00"}
{"level":"info","msg":"Application is running on development mode","time":"2026-05-05T08:57:08+07:00"}
{"level":"info","msg":"[PGSQL CONN][Migrate] Dropping All Tables","time":"2026-05-05T08:57:08+07:00"}
{"level":"info","msg":"[PGSQL CONN][Migrate] Auto Migrating Tables","time":"2026-05-05T08:57:08+07:00"}
{"level":"info","msg":"[PGSQL CONN][EnsureDefaultSettings] Seeding default system settings","time":"2026-05-05T08:57:08+07:00"}
{"level":"info","msg":"redis connected","time":"2026-05-05T08:57:09+07:00"}
{"level":"info","msg":"Application is running on development mode","time":"2026-05-05T08:57:26+07:00"}
{"level":"info","msg":"[PGSQL CONN][Migrate] Auto Migrating Tables","time":"2026-05-05T08:57:26+07:00"}
{"level":"info","msg":"redis connected","time":"2026-05-05T08:57:26+07:00"}
{"level":"info","msg":"Application is running on development mode","time":"2026-05-05T09:48:55+07:00"}
{"level":"info","msg":"[PGSQL CONN][Migrate] Auto Migrating Tables","time":"2026-05-05T09:48:55+07:00"}
{"level":"info","msg":"redis connected","time":"2026-05-05T09:48:56+07:00"}
{"level":"info","msg":"Application is running on development mode","time":"2026-05-05T09:49:06+07:00"}
{"level":"info","msg":"[PGSQL CONN][Migrate] Auto Migrating Tables","time":"2026-05-05T09:49:06+07:00"}
{"level":"info","msg":"redis connected","time":"2026-05-05T09:49:07+07:00"}
{"level":"info","msg":"Application is running on development mode","time":"2026-05-05T09:49:12+07:00"}
{"level":"info","msg":"[PGSQL CONN][Migrate] Auto Migrating Tables","time":"2026-05-05T09:49:12+07:00"}
{"level":"info","msg":"redis connected","time":"2026-05-05T09:49:13+07:00"}
{"level":"info","msg":"Application is running on development mode","time":"2026-05-05T09:51:26+07:00"}
{"level":"info","msg":"[PGSQL CONN][Migrate] Auto Migrating Tables","time":"2026-05-05T09:51:26+07:00"}
{"level":"info","msg":"redis connected","time":"2026-05-05T09:51:27+07:00"}
{"error":"token is malformed: token contains an invalid number of segments","level":"warning","msg":"[JWT][ValidateToken] failed to validate token","time":"2026-05-05T09:55:33+07:00"}
{"error":"token is malformed: token contains an invalid number of segments","level":"warning","msg":"[MIDDLEWARE][Authentication] failed to validate token","time":"2026-05-05T09:55:33+07:00"}
{"error":"token is malformed: token contains an invalid number of segments","level":"warning","msg":"[JWT][ValidateToken] failed to validate token","time":"2026-05-05T11:09:55+07:00"}
{"error":"token is malformed: token contains an invalid number of segments","level":"warning","msg":"[MIDDLEWARE][Authentication] failed to validate token","time":"2026-05-05T11:09:55+07:00"}
{"error":"token is malformed: token contains an invalid number of segments","level":"warning","msg":"[JWT][ValidateToken] failed to validate token","time":"2026-05-05T11:10:47+07:00"}
{"error":"token is malformed: token contains an invalid number of segments","level":"warning","msg":"[MIDDLEWARE][Authentication] failed to validate token","time":"2026-05-05T11:10:47+07:00"}
{"error":"token is malformed: token contains an invalid number of segments","level":"warning","msg":"[JWT][ValidateToken] failed to validate token","time":"2026-05-05T11:11:39+07:00"}
{"error":"token is malformed: token contains an invalid number of segments","level":"warning","msg":"[MIDDLEWARE][Authentication] failed to validate token","time":"2026-05-05T11:11:39+07:00"}
{"error":"token is malformed: token contains an invalid number of segments","level":"warning","msg":"[JWT][ValidateToken] failed to validate token","time":"2026-05-05T11:13:00+07:00"}
{"error":"token is malformed: token contains an invalid number of segments","level":"warning","msg":"[MIDDLEWARE][Authentication] failed to validate token","time":"2026-05-05T11:13:00+07:00"}
{"error":"token is malformed: token contains an invalid number of segments","level":"warning","msg":"[JWT][ValidateToken] failed to validate token","time":"2026-05-05T11:14:39+07:00"}
{"error":"token is malformed: token contains an invalid number of segments","level":"warning","msg":"[MIDDLEWARE][Authentication] failed to validate token","time":"2026-05-05T11:14:39+07:00"}
{"error":"token is malformed: token contains an invalid number of segments","level":"warning","msg":"[JWT][ValidateToken] failed to validate token","time":"2026-05-05T11:15:13+07:00"}
{"error":"token is malformed: token contains an invalid number of segments","level":"warning","msg":"[MIDDLEWARE][Authentication] failed to validate token","time":"2026-05-05T11:15:13+07:00"}
{"error":"token is malformed: token contains an invalid number of segments","level":"warning","msg":"[JWT][ValidateToken] failed to validate token","time":"2026-05-05T11:21:57+07:00"}
{"error":"token is malformed: token contains an invalid number of segments","level":"warning","msg":"[MIDDLEWARE][Authentication] failed to validate token","time":"2026-05-05T11:21:57+07:00"}
{"error":"token is malformed: token contains an invalid number of segments","level":"warning","msg":"[JWT][ValidateToken] failed to validate token","time":"2026-05-05T11:23:25+07:00"}
{"error":"token is malformed: token contains an invalid number of segments","level":"warning","msg":"[MIDDLEWARE][Authentication] failed to validate token","time":"2026-05-05T11:23:25+07:00"}
{"error":"token is malformed: token contains an invalid number of segments","level":"warning","msg":"[JWT][ValidateToken] failed to validate token","time":"2026-05-05T11:25:20+07:00"}
{"error":"token is malformed: token contains an invalid number of segments","level":"warning","msg":"[MIDDLEWARE][Authentication] failed to validate token","time":"2026-05-05T11:25:20+07:00"}
{"error":"token is malformed: token contains an invalid number of segments","level":"warning","msg":"[JWT][ValidateToken] failed to validate token","time":"2026-05-05T11:27:07+07:00"}
{"error":"token is malformed: token contains an invalid number of segments","level":"warning","msg":"[MIDDLEWARE][Authentication] failed to validate token","time":"2026-05-05T11:27:07+07:00"}
{"error":"token is malformed: token contains an invalid number of segments","level":"warning","msg":"[JWT][ValidateToken] failed to validate token","time":"2026-05-05T11:28:07+07:00"}
{"error":"token is malformed: token contains an invalid number of segments","level":"warning","msg":"[MIDDLEWARE][Authentication] failed to validate token","time":"2026-05-05T11:28:07+07:00"}
{"error":"token is malformed: token contains an invalid number of segments","level":"warning","msg":"[JWT][ValidateToken] failed to validate token","time":"2026-05-05T11:28:54+07:00"}
{"error":"token is malformed: token contains an invalid number of segments","level":"warning","msg":"[MIDDLEWARE][Authentication] failed to validate token","time":"2026-05-05T11:28:54+07:00"}
{"error":"token is malformed: token contains an invalid number of segments","level":"warning","msg":"[JWT][ValidateToken] failed to validate token","time":"2026-05-05T11:29:05+07:00"}
{"error":"token is malformed: token contains an invalid number of segments","level":"warning","msg":"[MIDDLEWARE][Authentication] failed to validate token","time":"2026-05-05T11:29:05+07:00"}
{"error":"token is malformed: token contains an invalid number of segments","level":"warning","msg":"[JWT][ValidateToken] failed to validate token","time":"2026-05-05T11:34:30+07:00"}
{"error":"token is malformed: token contains an invalid number of segments","level":"warning","msg":"[MIDDLEWARE][Authentication] failed to validate token","time":"2026-05-05T11:34:30+07:00"}
{"error":"token is malformed: token contains an invalid number of segments","level":"warning","msg":"[JWT][ValidateToken] failed to validate token","time":"2026-05-05T11:37:02+07:00"}
{"error":"token is malformed: token contains an invalid number of segments","level":"warning","msg":"[MIDDLEWARE][Authentication] failed to validate token","time":"2026-05-05T11:37:02+07:00"}
{"level":"info","msg":"Application is running on development mode","time":"2026-05-05T15:59:50+07:00"}
{"level":"info","msg":"[PGSQL CONN][Migrate] Dropping All Tables","time":"2026-05-05T15:59:50+07:00"}
{"level":"info","msg":"[PGSQL CONN][Migrate] Auto Migrating Tables","time":"2026-05-05T15:59:50+07:00"}
{"level":"info","msg":"[PGSQL CONN][EnsureDefaultSettings] Seeding default system settings","time":"2026-05-05T15:59:50+07:00"}
{"level":"info","msg":"redis connected","time":"2026-05-05T15:59:51+07:00"}
{"level":"info","msg":"Application is running on development mode","time":"2026-05-05T15:59:59+07:00"}
{"level":"info","msg":"[PGSQL CONN][Migrate] Auto Migrating Tables","time":"2026-05-05T15:59:59+07:00"}
{"level":"info","msg":"redis connected","time":"2026-05-05T15:59:59+07:00"}
{"level":"info","msg":"Application is running on development mode","time":"2026-05-05T16:31:39+07:00"}
{"level":"info","msg":"[PGSQL CONN][Migrate] Auto Migrating Tables","time":"2026-05-05T16:31:39+07:00"}
{"level":"info","msg":"redis connected","time":"2026-05-05T16:31:40+07:00"}
