{"level":"info","msg":"Application is running on development mode","time":"2026-05-25T14:57:59+07:00"}
{"level":"info","msg":"[PGSQL CONN][Migrate] Auto Migrating Tables","time":"2026-05-25T14:57:59+07:00"}
{"level":"info","msg":"redis connected","time":"2026-05-25T14:58:01+07:00"}
{"level":"info","msg":"Application is running on development mode","time":"2026-05-25T14:58:40+07:00"}
{"level":"info","msg":"[PGSQL CONN][Migrate] Auto Migrating Tables","time":"2026-05-25T14:58:40+07:00"}
{"level":"info","msg":"redis connected","time":"2026-05-25T14:58:41+07:00"}
{"level":"info","msg":"Application is running on development mode","time":"2026-05-25T15:14:55+07:00"}
{"level":"info","msg":"[PGSQL CONN][Migrate] Dropping All Tables","time":"2026-05-25T15:14:55+07:00"}
{"level":"info","msg":"[PGSQL CONN][Migrate] Auto Migrating Tables","time":"2026-05-25T15:14:55+07:00"}
{"level":"info","msg":"[PGSQL CONN][EnsureDefaultSettings] Seeding default system settings","time":"2026-05-25T15:14:56+07:00"}
{"level":"info","msg":"redis connected","time":"2026-05-25T15:14:57+07:00"}
{"level":"info","msg":"Application is running on development mode","time":"2026-05-25T15:15:05+07:00"}
{"level":"info","msg":"[PGSQL CONN][Migrate] Auto Migrating Tables","time":"2026-05-25T15:15:05+07:00"}
{"level":"info","msg":"[USER SEEDER] Admin user seeded successfully","time":"2026-05-25T15:15:05+07:00"}
{"level":"info","msg":"redis connected","time":"2026-05-25T15:15:05+07:00"}
{"level":"info","msg":"Application is running on development mode","time":"2026-05-25T15:15:09+07:00"}
{"level":"info","msg":"[PGSQL CONN][Migrate] Auto Migrating Tables","time":"2026-05-25T15:15:09+07:00"}
{"level":"info","msg":"redis connected","time":"2026-05-25T15:15:10+07:00"}
{"level":"info","msg":"Application is running on development mode","time":"2026-05-25T15:25:34+07:00"}
{"level":"info","msg":"[PGSQL CONN][Migrate] Auto Migrating Tables","time":"2026-05-25T15:25:34+07:00"}
{"level":"info","msg":"redis connected","time":"2026-05-25T15:25:36+07:00"}
{"level":"info","msg":"Application is running on development mode","time":"2026-05-25T15:25:45+07:00"}
{"level":"info","msg":"[PGSQL CONN][Migrate] Auto Migrating Tables","time":"2026-05-25T15:25:45+07:00"}
{"level":"info","msg":"redis connected","time":"2026-05-25T15:25:45+07:00"}
{"level":"info","msg":"Application is running on development mode","time":"2026-05-25T15:25:52+07:00"}
{"level":"info","msg":"[PGSQL CONN][Migrate] Auto Migrating Tables","time":"2026-05-25T15:25:52+07:00"}
{"level":"info","msg":"redis connected","time":"2026-05-25T15:25:53+07:00"}
{"error":"dial tcp: lookup redis-13497.c1.ap-southeast-1-1.ec2.cloud.redislabs.com: no such host","level":"error","msg":"[REDIS][Get] faield to get key","time":"2026-05-25T15:28:16+07:00"}
{"error":"dial tcp: lookup redis-13497.c1.ap-southeast-1-1.ec2.cloud.redislabs.com: no such host","level":"error","msg":"[REDIS][Get] faield to get key","time":"2026-05-25T15:28:16+07:00"}
{"error":"dial tcp: lookup redis-13497.c1.ap-southeast-1-1.ec2.cloud.redislabs.com: no such host","level":"error","msg":"[REDIS][Get] faield to get key","time":"2026-05-25T15:28:16+07:00"}
{"error":"dial tcp: lookup redis-13497.c1.ap-southeast-1-1.ec2.cloud.redislabs.com: no such host","level":"error","msg":"[REDIS][Get] faield to get key","time":"2026-05-25T15:28:16+07:00"}
{"error":"dial tcp: lookup redis-13497.c1.ap-southeast-1-1.ec2.cloud.redislabs.com: no such host","level":"error","msg":"[REDIS][Get] faield to get key","time":"2026-05-25T15:28:18+07:00"}
{"error":"dial tcp: lookup redis-13497.c1.ap-southeast-1-1.ec2.cloud.redislabs.com: no such host","level":"error","msg":"[REDIS][Get] faield to get key","time":"2026-05-25T15:28:18+07:00"}
{"level":"info","msg":"Application is running on development mode","time":"2026-05-25T15:28:36+07:00"}
{"level":"info","msg":"[PGSQL CONN][Migrate] Auto Migrating Tables","time":"2026-05-25T15:28:36+07:00"}
{"error":"dial tcp: lookup redis-13497.c1.ap-southeast-1-1.ec2.cloud.redislabs.com: no such host","level":"error","msg":"[REDIS][NewRedisClient] faield to ping redis","time":"2026-05-25T15:28:38+07:00"}
{"level":"info","msg":"Application is running on development mode","time":"2026-05-25T15:30:11+07:00"}
{"level":"info","msg":"[PGSQL CONN][Migrate] Auto Migrating Tables","time":"2026-05-25T15:30:11+07:00"}
{"error":"dial tcp: lookup redis-13497.c1.ap-southeast-1-1.ec2.cloud.redislabs.com: no such host","level":"error","msg":"[REDIS][NewRedisClient] faield to ping redis","time":"2026-05-25T15:30:13+07:00"}
{"level":"info","msg":"Application is running on development mode","time":"2026-05-25T15:33:34+07:00"}
{"level":"info","msg":"[PGSQL CONN][Migrate] Auto Migrating Tables","time":"2026-05-25T15:33:34+07:00"}
{"level":"info","msg":"redis connected","time":"2026-05-25T15:33:38+07:00"}
{"level":"info","msg":"Application is running on development mode","time":"2026-05-25T15:51:11+07:00"}
{"level":"info","msg":"[PGSQL CONN][Migrate] Auto Migrating Tables","time":"2026-05-25T15:51:11+07:00"}
{"level":"info","msg":"redis connected","time":"2026-05-25T15:51:12+07:00"}
{"level":"info","msg":"Application is running on development mode","time":"2026-05-25T15:51:16+07:00"}
{"level":"info","msg":"[PGSQL CONN][Migrate] Auto Migrating Tables","time":"2026-05-25T15:51:16+07:00"}
{"level":"info","msg":"redis connected","time":"2026-05-25T15:51:17+07:00"}
{"level":"info","msg":"Application is running on development mode","time":"2026-05-25T15:51:23+07:00"}
{"level":"info","msg":"[PGSQL CONN][Migrate] Auto Migrating Tables","time":"2026-05-25T15:51:23+07:00"}
{"level":"info","msg":"redis connected","time":"2026-05-25T15:51:23+07:00"}
{"level":"info","msg":"Application is running on development mode","time":"2026-05-25T15:51:35+07:00"}
{"level":"info","msg":"[PGSQL CONN][Migrate] Auto Migrating Tables","time":"2026-05-25T15:51:35+07:00"}
{"level":"info","msg":"redis connected","time":"2026-05-25T15:51:36+07:00"}
{"level":"info","msg":"Application is running on development mode","time":"2026-05-25T15:51:51+07:00"}
{"level":"info","msg":"[PGSQL CONN][Migrate] Auto Migrating Tables","time":"2026-05-25T15:51:51+07:00"}
{"level":"info","msg":"redis connected","time":"2026-05-25T15:51:52+07:00"}
{"level":"info","msg":"Application is running on development mode","time":"2026-05-25T15:52:12+07:00"}
{"level":"info","msg":"[PGSQL CONN][Migrate] Auto Migrating Tables","time":"2026-05-25T15:52:12+07:00"}
{"level":"info","msg":"redis connected","time":"2026-05-25T15:52:13+07:00"}
{"level":"info","msg":"Application is running on development mode","time":"2026-05-25T15:58:37+07:00"}
{"level":"info","msg":"[PGSQL CONN][Migrate] Auto Migrating Tables","time":"2026-05-25T15:58:37+07:00"}
{"level":"info","msg":"redis connected","time":"2026-05-25T15:58:38+07:00"}
{"error":"dial tcp: lookup redis-13497.c1.ap-southeast-1-1.ec2.cloud.redislabs.com: i/o timeout","level":"error","msg":"[REDIS][Get] faield to get key","time":"2026-05-25T16:00:41+07:00"}
{"error":"dial tcp: lookup redis-13497.c1.ap-southeast-1-1.ec2.cloud.redislabs.com: i/o timeout","level":"error","msg":"[REDIS][Get] faield to get key","time":"2026-05-25T16:00:41+07:00"}
{"error":"dial tcp: lookup redis-13497.c1.ap-southeast-1-1.ec2.cloud.redislabs.com: i/o timeout","level":"error","msg":"[REDIS][Get] faield to get key","time":"2026-05-25T16:00:41+07:00"}
{"level":"info","msg":"Application is running on development mode","time":"2026-05-25T16:00:51+07:00"}
{"level":"info","msg":"[PGSQL CONN][Migrate] Auto Migrating Tables","time":"2026-05-25T16:00:51+07:00"}
{"level":"info","msg":"redis connected","time":"2026-05-25T16:00:51+07:00"}
{"level":"info","msg":"Application is running on development mode","time":"2026-05-25T16:33:37+07:00"}
{"level":"info","msg":"[PGSQL CONN][Migrate] Auto Migrating Tables","time":"2026-05-25T16:33:37+07:00"}
{"level":"info","msg":"Application is running on development mode","time":"2026-05-25T16:33:41+07:00"}
{"level":"info","msg":"[PGSQL CONN][Migrate] Auto Migrating Tables","time":"2026-05-25T16:33:41+07:00"}
{"level":"info","msg":"redis connected","time":"2026-05-25T16:33:41+07:00"}
{"level":"info","msg":"Application is running on development mode","time":"2026-05-25T16:33:44+07:00"}
{"level":"info","msg":"[PGSQL CONN][Migrate] Auto Migrating Tables","time":"2026-05-25T16:33:44+07:00"}
{"level":"info","msg":"redis connected","time":"2026-05-25T16:33:45+07:00"}
{"level":"info","msg":"Application is running on development mode","time":"2026-05-25T16:34:17+07:00"}
{"level":"info","msg":"[PGSQL CONN][Migrate] Auto Migrating Tables","time":"2026-05-25T16:34:17+07:00"}
{"level":"info","msg":"redis connected","time":"2026-05-25T16:34:19+07:00"}
